dvz_arcball_angles
dvz_arcball_constrain
dvz_arcball_end
dvz_arcball_flags
dvz_arcball_gui
dvz_arcball_initial
dvz_arcball_model
dvz_arcball_mvp
dvz_arcball_print
dvz_arcball_reset
dvz_arcball_resize
dvz_arcball_rotate
dvz_arcball_set
dvz_atlas_destroy
dvz_atlas_font
dvz_camera_get_lookat
dvz_camera_get_position
dvz_camera_get_up
dvz_camera_initial
dvz_camera_lookat
dvz_camera_mvp
dvz_camera_ortho
dvz_camera_perspective
dvz_camera_position
dvz_camera_print
dvz_camera_reset
dvz_camera_resize
dvz_camera_up
dvz_camera_viewproj
dvz_camera_zrange
dvz_circular_2D
dvz_circular_3D
dvz_colormap
dvz_colormap_8bit
dvz_colormap_array
dvz_colormap_scale
dvz_compute_normals
dvz_demo
dvz_demo_panel_2D
dvz_demo_panel_3D
dvz_easing
dvz_error_callback
dvz_figure
dvz_figure_destroy
dvz_figure_id
dvz_figure_resize
dvz_figure_update
dvz_font
dvz_font_ascii
dvz_font_destroy
dvz_font_draw
dvz_font_layout
dvz_font_size
dvz_font_texture
dvz_interpolate
dvz_interpolate_2D
dvz_interpolate_3D
dvz_mouse
dvz_mouse_destroy
dvz_mouse_event
dvz_mouse_move
dvz_mouse_press
dvz_mouse_release
dvz_mouse_wheel
dvz_msdf_from_svg
dvz_msdf_to_rgb
dvz_ortho_end
dvz_ortho_flags
dvz_ortho_mvp
dvz_ortho_pan
dvz_ortho_pan_shift
dvz_ortho_reset
dvz_ortho_resize
dvz_ortho_zoom
dvz_ortho_zoom_shift
dvz_ortho_zoom_wheel
dvz_panel
dvz_panel_arcball
dvz_panel_at
dvz_panel_axes
dvz_panel_axes_2D
dvz_panel_background
dvz_panel_batch
dvz_panel_camera
dvz_panel_contains
dvz_panel_default
dvz_panel_destroy
dvz_panel_figure
dvz_panel_flags
dvz_panel_gui
dvz_panel_margins
dvz_panel_mvp
dvz_panel_mvpmat
dvz_panel_ortho
dvz_panel_panzoom
dvz_panel_ref
dvz_panel_resize
dvz_panel_show
dvz_panel_transform
dvz_panel_update
dvz_panel_visual
dvz_panzoom
dvz_panzoom_bounds
dvz_panzoom_destroy
dvz_panzoom_end
dvz_panzoom_extent
dvz_panzoom_flags
dvz_panzoom_level
dvz_panzoom_mouse
dvz_panzoom_mvp
dvz_panzoom_pan
dvz_panzoom_pan_shift
dvz_panzoom_reset
dvz_panzoom_resize
dvz_panzoom_set
dvz_panzoom_xlim
dvz_panzoom_ylim
dvz_panzoom_zoom
dvz_panzoom_zoom_shift
dvz_panzoom_zoom_wheel
dvz_qt_app
dvz_qt_app_destroy
dvz_qt_batch
dvz_qt_submit
dvz_qt_window
dvz_ref
dvz_ref_destroy
dvz_ref_expand
dvz_ref_expand_2D
dvz_ref_expand_3D
dvz_ref_get
dvz_ref_inverse
dvz_ref_is_set
dvz_ref_normalize_1D
dvz_ref_normalize_2D
dvz_ref_normalize_3D
dvz_ref_normalize_polygon
dvz_ref_set
dvz_resample
dvz_rgb_to_rgba_char
dvz_rgb_to_rgba_float
dvz_scene
dvz_scene_batch
dvz_scene_destroy
dvz_scene_figure
dvz_scene_mouse
dvz_scene_render
dvz_scene_run
dvz_sdf_from_svg
dvz_sdf_to_rgb
dvz_server
dvz_server_destroy
dvz_server_grab
dvz_server_keyboard
dvz_server_mouse
dvz_server_resize
dvz_server_submit
dvz_shape
dvz_shape_arrow
dvz_shape_begin
dvz_shape_cone
dvz_shape_cube
dvz_shape_custom
dvz_shape_cylinder
dvz_shape_destroy
dvz_shape_disc
dvz_shape_dodecahedron
dvz_shape_end
dvz_shape_hexahedron
dvz_shape_histogram
dvz_shape_icosahedron
dvz_shape_index_count
dvz_shape_merge
dvz_shape_normalize
dvz_shape_normals
dvz_shape_obj
dvz_shape_octahedron
dvz_shape_polygon
dvz_shape_print
dvz_shape_rescaling
dvz_shape_rotate
dvz_shape_scale
dvz_shape_sector
dvz_shape_sphere
dvz_shape_square
dvz_shape_surface
dvz_shape_tetrahedron
dvz_shape_torus
dvz_shape_transform
dvz_shape_translate
dvz_shape_unindex
dvz_shape_vertex_count
dvz_texture
dvz_texture_1D
dvz_texture_2D
dvz_texture_3D
dvz_texture_address_mode
dvz_texture_create
dvz_texture_data
dvz_texture_destroy
dvz_texture_filter
dvz_texture_format
dvz_texture_shape
dvz_version
dvz_visual_alloc
dvz_visual_attr
dvz_visual_blend
dvz_visual_clip
dvz_visual_cull
dvz_visual_dat
dvz_visual_data
dvz_visual_depth
dvz_visual_dynamic
dvz_visual_fixed
dvz_visual_front
dvz_visual_groups
dvz_visual_index
dvz_visual_param
dvz_visual_params
dvz_visual_polygon
dvz_visual_primitive
dvz_visual_push
dvz_visual_quads
dvz_visual_resize
dvz_visual_shader
dvz_visual_show
dvz_visual_slot
dvz_visual_specialization
dvz_visual_spirv
dvz_visual_stride
dvz_visual_tex
dvz_visual_transform
dvz_visual_update
dvz_app
dvz_app_batch
dvz_app_destroy
dvz_app_frame
dvz_app_gui
dvz_app_keyboard
dvz_app_mouse
dvz_app_on_frame
dvz_app_on_keyboard
dvz_app_on_mouse
dvz_app_on_resize
dvz_app_on_timer
dvz_app_run
dvz_app_screenshot
dvz_app_submit
dvz_app_timer
dvz_app_timestamps
dvz_app_wait
dvz_free
dvz_time
dvz_time_print
dvz_external_dat
dvz_external_index
dvz_external_tex
dvz_external_vertex
dvz_gui_alpha
dvz_gui_begin
dvz_gui_button
dvz_gui_checkbox
dvz_gui_clicked
dvz_gui_collapse_changed
dvz_gui_collapsed
dvz_gui_color
dvz_gui_colorpicker
dvz_gui_corner
dvz_gui_demo
dvz_gui_dragging
dvz_gui_dropdown
dvz_gui_end
dvz_gui_fixed
dvz_gui_flags
dvz_gui_image
dvz_gui_moved
dvz_gui_moving
dvz_gui_node
dvz_gui_pop
dvz_gui_pos
dvz_gui_progress
dvz_gui_resized
dvz_gui_resizing
dvz_gui_selectable
dvz_gui_size
dvz_gui_slider
dvz_gui_slider_vec2
dvz_gui_slider_vec3
dvz_gui_slider_vec4
dvz_gui_style
dvz_gui_table
dvz_gui_text
dvz_gui_textbox
dvz_gui_tree
dvz_gui_viewport
dvz_gui_window_capture
dvz_earcut
dvz_mean
dvz_min_max
dvz_mock_band
dvz_mock_circle
dvz_mock_cmap
dvz_mock_color
dvz_mock_fixed
dvz_mock_full
dvz_mock_line
dvz_mock_linspace
dvz_mock_monochrome
dvz_mock_pos_2D
dvz_mock_pos_3D
dvz_mock_range
dvz_mock_uniform
dvz_next_pow2
dvz_normalize_bytes
dvz_num_procs
dvz_rand_byte
dvz_rand_double
dvz_rand_float
dvz_rand_int
dvz_rand_normal
dvz_range
dvz_threads_default
dvz_threads_get
dvz_threads_set
dvz_batch
dvz_batch_add
dvz_batch_clear
dvz_batch_copy
dvz_batch_desc
dvz_batch_destroy
dvz_batch_dump
dvz_batch_load
dvz_batch_print
dvz_batch_requests
dvz_batch_size
dvz_batch_yaml
dvz_bind_dat
dvz_bind_index
dvz_bind_tex
dvz_bind_vertex
dvz_create_canvas
dvz_create_dat
dvz_create_glsl
dvz_create_graphics
dvz_create_sampler
dvz_create_spirv
dvz_create_tex
dvz_delete_canvas
dvz_delete_dat
dvz_delete_graphics
dvz_delete_sampler
dvz_delete_tex
dvz_mvp
dvz_mvp_default
dvz_record_begin
dvz_record_draw
dvz_record_draw_indexed
dvz_record_draw_indexed_indirect
dvz_record_draw_indirect
dvz_record_end
dvz_record_push
dvz_record_viewport
dvz_request_print
dvz_requester
dvz_requester_commit
dvz_requester_destroy
dvz_requester_flush
dvz_resize_canvas
dvz_resize_dat
dvz_resize_tex
dvz_set_attr
dvz_set_background
dvz_set_blend
dvz_set_cull
dvz_set_depth
dvz_set_front
dvz_set_mask
dvz_set_polygon
dvz_set_primitive
dvz_set_push
dvz_set_shader
dvz_set_slot
dvz_set_specialization
dvz_set_vertex
dvz_update_canvas
dvz_upload_dat
dvz_upload_tex
dvz_viewport_default
dvz_basic
dvz_basic_alloc
dvz_basic_color
dvz_basic_group
dvz_basic_position
dvz_basic_size
dvz_glyph
dvz_glyph_alloc
dvz_glyph_anchor
dvz_glyph_angle
dvz_glyph_ascii
dvz_glyph_atlas_font
dvz_glyph_axis
dvz_glyph_bgcolor
dvz_glyph_color
dvz_glyph_group_size
dvz_glyph_position
dvz_glyph_scale
dvz_glyph_shift
dvz_glyph_size
dvz_glyph_strings
dvz_glyph_texcoords
dvz_glyph_texture
dvz_glyph_unicode
dvz_glyph_xywh
dvz_image
dvz_image_alloc
dvz_image_anchor
dvz_image_colormap
dvz_image_edgecolor
dvz_image_facecolor
dvz_image_linewidth
dvz_image_permutation
dvz_image_position
dvz_image_radius
dvz_image_size
dvz_image_texcoords
dvz_image_texture
dvz_marker
dvz_marker_alloc
dvz_marker_angle
dvz_marker_aspect
dvz_marker_color
dvz_marker_edgecolor
dvz_marker_linewidth
dvz_marker_mode
dvz_marker_position
dvz_marker_shape
dvz_marker_size
dvz_marker_tex_scale
dvz_marker_texture
dvz_mesh
dvz_mesh_alloc
dvz_mesh_color
dvz_mesh_contour
dvz_mesh_density
dvz_mesh_edgecolor
dvz_mesh_emit
dvz_mesh_index
dvz_mesh_isoline
dvz_mesh_left
dvz_mesh_light_color
dvz_mesh_light_pos
dvz_mesh_linewidth
dvz_mesh_material_params
dvz_mesh_normal
dvz_mesh_position
dvz_mesh_reshape
dvz_mesh_right
dvz_mesh_shape
dvz_mesh_shine
dvz_mesh_texcoords
dvz_mesh_texture
dvz_monoglyph
dvz_monoglyph_alloc
dvz_monoglyph_anchor
dvz_monoglyph_color
dvz_monoglyph_glyph
dvz_monoglyph_offset
dvz_monoglyph_position
dvz_monoglyph_size
dvz_monoglyph_textarea
dvz_path
dvz_path_alloc
dvz_path_cap
dvz_path_color
dvz_path_join
dvz_path_linewidth
dvz_path_position
dvz_pixel
dvz_pixel_alloc
dvz_pixel_color
dvz_pixel_position
dvz_pixel_size
dvz_point
dvz_point_alloc
dvz_point_color
dvz_point_position
dvz_point_size
dvz_segment
dvz_segment_alloc
dvz_segment_cap
dvz_segment_color
dvz_segment_linewidth
dvz_segment_position
dvz_segment_shift
dvz_slice
dvz_slice_alloc
dvz_slice_alpha
dvz_slice_position
dvz_slice_texcoords
dvz_slice_texture
dvz_sphere
dvz_sphere_alloc
dvz_sphere_color
dvz_sphere_emit
dvz_sphere_light_color
dvz_sphere_light_pos
dvz_sphere_material_params
dvz_sphere_position
dvz_sphere_shine
dvz_sphere_size
dvz_tex_slice
dvz_volume
dvz_volume_bounds
dvz_volume_permutation
dvz_volume_slice
dvz_volume_texcoords
dvz_volume_texture
dvz_volume_transfer
