dvz_allocation_create
dvz_allocation_flags
dvz_allocation_flags_contains
dvz_allocation_free
dvz_allocation_mapped
dvz_allocation_memory
dvz_allocation_set_flags
dvz_allocation_size
dvz_allocator_buffer
dvz_allocator_copy_from
dvz_allocator_copy_to
dvz_allocator_create
dvz_allocator_destroy
dvz_allocator_destroy_buffer
dvz_allocator_destroy_image
dvz_allocator_device
dvz_allocator_export
dvz_allocator_external
dvz_allocator_flush
dvz_allocator_free
dvz_allocator_image
dvz_allocator_import_buffer
dvz_allocator_import_image
dvz_allocator_invalidate
dvz_allocator_map
dvz_allocator_unmap
dvz_anim_arcball_spin
dvz_anim_destroy
dvz_anim_phase
dvz_anim_phase_desc
dvz_anim_phase_set_value
dvz_anim_set_speed
dvz_anim_start
dvz_anim_stop
dvz_anim_timer
dvz_annotation
dvz_annotation_desc
dvz_annotation_destroy
dvz_annotation_label
dvz_annotation_scalebar
dvz_annotation_set_format
dvz_app
dvz_app_capture_config
dvz_app_capture_config_from_env
dvz_app_config
dvz_app_destroy
dvz_app_render_once
dvz_app_resources
dvz_app_run
dvz_app_vk_instance
dvz_app_with_config
dvz_app_with_resources
dvz_arcball
dvz_arcball_angles
dvz_arcball_connect
dvz_arcball_constrain
dvz_arcball_create
dvz_arcball_desc
dvz_arcball_destroy
dvz_arcball_disconnect
dvz_arcball_end
dvz_arcball_initial
dvz_arcball_is_interacting
dvz_arcball_model
dvz_arcball_mvp
dvz_arcball_pan
dvz_arcball_pan_shift
dvz_arcball_pointer
dvz_arcball_reset
dvz_arcball_resize
dvz_arcball_rotate
dvz_arcball_rotate_axis
dvz_arcball_set
dvz_arcball_zoom
dvz_array
dvz_array_3D
dvz_array_clear
dvz_array_column
dvz_array_copy
dvz_array_copy_region
dvz_array_data
dvz_array_destroy
dvz_array_insert
dvz_array_point
dvz_array_print
dvz_array_reshape
dvz_array_resize
dvz_array_scale
dvz_array_struct
dvz_array_wrap
dvz_attachment_clear
dvz_attachment_image
dvz_attachment_ops
dvz_attachment_resolve
dvz_axis_set_grid
dvz_axis_set_label
dvz_axis_set_plot_margins
dvz_axis_set_style
dvz_axis_set_tick_policy
dvz_axis_set_visible
dvz_axis_style
dvz_axis_tick_policy
dvz_barrier_buffer_access
dvz_barrier_buffer_queue
dvz_barrier_buffer_stage
dvz_barrier_image_access
dvz_barrier_image_aspect
dvz_barrier_image_layers
dvz_barrier_image_layout
dvz_barrier_image_mip
dvz_barrier_image_queue
dvz_barrier_image_stage
dvz_barrier_memory_access
dvz_barrier_memory_stage
dvz_barriers
dvz_barriers_buffer
dvz_barriers_buffer_count
dvz_barriers_capacity
dvz_barriers_dependency_flags
dvz_barriers_flags
dvz_barriers_image
dvz_barriers_image_count
dvz_barriers_memory
dvz_barriers_memory_count
dvz_box
dvz_box_aspect
dvz_box_center
dvz_box_extent
dvz_box_inverse
dvz_box_merge
dvz_box_normalize_1D
dvz_box_normalize_2D
dvz_box_normalize_3D
dvz_box_normalize_polygon
dvz_box_print
dvz_buffer
dvz_buffer_allocated_size
dvz_buffer_create
dvz_buffer_create_wrapper
dvz_buffer_destroy
dvz_buffer_download
dvz_buffer_flags
dvz_buffer_free
dvz_buffer_handle
dvz_buffer_map
dvz_buffer_resize
dvz_buffer_size
dvz_buffer_size_value
dvz_buffer_unmap
dvz_buffer_upload
dvz_buffer_usage
dvz_buffer_views
dvz_buffer_views_aligned_size
dvz_buffer_views_count
dvz_buffer_views_create
dvz_buffer_views_free
dvz_buffer_views_offset
dvz_buffer_views_size
dvz_camera_create
dvz_camera_desc
dvz_camera_destroy
dvz_camera_get_view
dvz_camera_mvp
dvz_camera_resize
dvz_camera_set_orthographic
dvz_camera_set_perspective
dvz_camera_set_view
dvz_canvas_capture_png
dvz_canvas_capture_rgba
dvz_canvas_capture_rgba_into
dvz_canvas_config
dvz_canvas_configure_live_image_sink
dvz_canvas_configure_video_sink
dvz_canvas_create
dvz_canvas_destroy
dvz_canvas_frame
dvz_canvas_input
dvz_canvas_live_image_sink_config
dvz_canvas_offscreen_runtime_state
dvz_canvas_present_runtime_state
dvz_canvas_render_mode
dvz_canvas_set_draw_callback
dvz_canvas_stream
dvz_canvas_submit
dvz_canvas_timings
dvz_capability_snapshot
dvz_capability_snapshot_copy
dvz_circular_2D
dvz_circular_3D
dvz_cmd_barriers
dvz_cmd_begin
dvz_cmd_begin_result
dvz_cmd_bind_compute
dvz_cmd_bind_descriptors
dvz_cmd_bind_graphics
dvz_cmd_bind_index_buffer
dvz_cmd_bind_vertex_buffers
dvz_cmd_blit_destination
dvz_cmd_blit_filter
dvz_cmd_blit_image
dvz_cmd_blit_source
dvz_cmd_copy_buffer_to_image
dvz_cmd_copy_destination
dvz_cmd_copy_image
dvz_cmd_copy_image_to_buffer
dvz_cmd_copy_source
dvz_cmd_dispatch
dvz_cmd_draw
dvz_cmd_draw_indexed
dvz_cmd_draw_indexed_indirect
dvz_cmd_draw_indirect
dvz_cmd_end
dvz_cmd_end_result
dvz_cmd_release
dvz_cmd_rendering_begin
dvz_cmd_rendering_default
dvz_cmd_rendering_end
dvz_cmd_reset
dvz_cmd_submit
dvz_cmd_submit_result
dvz_colorbar
dvz_colorbar_desc
dvz_colorbar_destroy
dvz_colorbar_set_anchor
dvz_colorbar_set_format
dvz_colorbar_set_layout
dvz_colorbar_set_orientation
dvz_colorbar_set_title
dvz_colormap
dvz_colormap_builtin
dvz_colormap_builtin_sample
dvz_colormap_custom
dvz_colormap_desc
dvz_colormap_destroy
dvz_colormap_sample
dvz_colormap_set_center
dvz_colormap_set_stops
dvz_command_buffer_alloc
dvz_command_buffer_free
dvz_commands
dvz_commands_count
dvz_commands_create_wrapper
dvz_commands_current
dvz_commands_destroy
dvz_commands_free
dvz_commands_handle
dvz_commands_wrap
dvz_commands_wrap_borrowed_recording
dvz_compile_glsl
dvz_composite_destroy
dvz_composite_visual
dvz_composite_visual_at
dvz_composite_visual_count
dvz_compute
dvz_compute_create
dvz_compute_create_wrapper
dvz_compute_destroy
dvz_compute_free
dvz_compute_handle
dvz_compute_layout
dvz_compute_layout_handle
dvz_compute_shader
dvz_compute_spec
dvz_cond
dvz_cond_destroy
dvz_cond_init
dvz_cond_signal
dvz_cond_timedwait
dvz_cond_wait
dvz_container
dvz_container_alloc
dvz_container_delete_if_destroyed
dvz_container_destroy
dvz_container_get
dvz_container_get_created
dvz_container_iter
dvz_container_iterator
dvz_controller_arcball
dvz_controller_fly
dvz_controller_link
dvz_controller_link_destroy
dvz_controller_orbit_camera
dvz_controller_panzoom
dvz_controller_turntable
dvz_controller_type
dvz_deq
dvz_deq_callback
dvz_deq_callback_clear
dvz_deq_dequeue
dvz_deq_dequeue_batch
dvz_deq_dequeue_loop
dvz_deq_dequeue_return
dvz_deq_destroy
dvz_deq_discard
dvz_deq_enqueue
dvz_deq_enqueue_custom
dvz_deq_enqueue_first
dvz_deq_enqueue_next
dvz_deq_enqueue_submit
dvz_deq_order
dvz_deq_peek_first
dvz_deq_peek_last
dvz_deq_proc
dvz_deq_stats
dvz_deq_wait
dvz_descriptors
dvz_descriptors_buffer
dvz_descriptors_create_wrapper
dvz_descriptors_free
dvz_descriptors_handle
dvz_descriptors_image
dvz_descriptors_set_count
dvz_device_allocator
dvz_device_command_pool
dvz_device_config
dvz_device_config_enable_canvas_extensions
dvz_device_config_request_extension
dvz_device_config_request_queue
dvz_device_config_set_features10
dvz_device_config_set_features11
dvz_device_config_set_features12
dvz_device_config_set_features13
dvz_device_config_set_gpu_index
dvz_device_create
dvz_device_descriptor_pool
dvz_device_destroy
dvz_device_features10
dvz_device_handle
dvz_device_has_extension
dvz_device_physical_device
dvz_device_queue
dvz_device_wait
dvz_diagnostic_report_add
dvz_diagnostic_report_count
dvz_diagnostic_report_get
dvz_diagnostic_report_init
dvz_dmat4_copy
dvz_dmat4_identity
dvz_dmat4_inv
dvz_dmat4_mat4
dvz_dmat4_mul
dvz_dmat4_mulv
dvz_dmat4_mulv3
dvz_dmat4_scale_p
dvz_drp2_command_type
dvz_drp2_external_buffer_desc
dvz_drp2_packet_command_kind
dvz_drp2_packet_decode_stream
dvz_drp2_packet_destroy
dvz_drp2_packet_encode_stream
dvz_drp2_packet_encode_stream_phase
dvz_drp2_recorder_close
dvz_drp2_recorder_open
dvz_drp2_recorder_write_stream
dvz_drp2_recording_close
dvz_drp2_recording_execute_all
dvz_drp2_recording_execute_frame
dvz_drp2_recording_frame
dvz_drp2_recording_frame_count
dvz_drp2_recording_frame_stream
dvz_drp2_recording_info
dvz_drp2_recording_open
dvz_drp2_recording_playback
dvz_drp2_recording_raw_fallback
dvz_drp2_recording_raw_fallback_count
dvz_drp2_recording_read_stream
dvz_drp2_recording_stream
dvz_drp2_recording_write_stream
dvz_drp2_runtime_attach_frame_target
dvz_drp2_runtime_copy_texture_to_frame
dvz_drp2_runtime_destroy
dvz_drp2_runtime_download_buffer
dvz_drp2_runtime_execute
dvz_drp2_runtime_get_config
dvz_drp2_runtime_register_external_buffer
dvz_drp2_runtime_reset
dvz_drp2_runtime_vklite
dvz_drp2_runtime_vklite_config
dvz_drp2_stream
dvz_drp2_stream_begin_command_encoder
dvz_drp2_stream_begin_compute_pass
dvz_drp2_stream_begin_render_pass
dvz_drp2_stream_begin_render_pass_add_color_attachment
dvz_drp2_stream_begin_render_pass_clear
dvz_drp2_stream_begin_render_pass_region_clear
dvz_drp2_stream_begin_render_pass_set_color_attachment_access
dvz_drp2_stream_begin_render_pass_set_color_attachment_ops
dvz_drp2_stream_begin_render_pass_set_color_attachment_resolve
dvz_drp2_stream_begin_render_pass_set_depth
dvz_drp2_stream_begin_render_pass_set_depth_access
dvz_drp2_stream_begin_render_pass_set_depth_ops
dvz_drp2_stream_begin_render_pass_set_depth_texture
dvz_drp2_stream_copy_buffer_to_buffer
dvz_drp2_stream_copy_buffer_to_texture
dvz_drp2_stream_copy_texture_to_buffer
dvz_drp2_stream_copy_texture_to_texture
dvz_drp2_stream_count
dvz_drp2_stream_create_bind_group_entries
dvz_drp2_stream_create_bind_group_layout_entries
dvz_drp2_stream_create_buffer
dvz_drp2_stream_create_compute_pipeline
dvz_drp2_stream_create_compute_pipeline_with_bind_group_layout
dvz_drp2_stream_create_render_pipeline
dvz_drp2_stream_create_render_pipeline_ex
dvz_drp2_stream_create_render_pipeline_ex2
dvz_drp2_stream_create_render_pipeline_with_bind_group_layout
dvz_drp2_stream_create_sampler
dvz_drp2_stream_create_sampler_filter
dvz_drp2_stream_create_shader_module
dvz_drp2_stream_create_shader_module_format
dvz_drp2_stream_create_shader_module_spirv
dvz_drp2_stream_create_storage_bind_group
dvz_drp2_stream_create_storage_bind_group_layout
dvz_drp2_stream_create_texture_2d
dvz_drp2_stream_create_texture_2d_format_usage
dvz_drp2_stream_create_texture_2d_format_usage_samples
dvz_drp2_stream_create_texture_2d_usage
dvz_drp2_stream_create_texture_3d
dvz_drp2_stream_create_texture_3d_format_usage
dvz_drp2_stream_create_texture_sampler_bind_group
dvz_drp2_stream_create_texture_sampler_bind_group_layout
dvz_drp2_stream_create_uniform_bind_group
dvz_drp2_stream_create_uniform_bind_group_layout
dvz_drp2_stream_destroy
dvz_drp2_stream_destroy_bind_group
dvz_drp2_stream_destroy_bind_group_layout
dvz_drp2_stream_destroy_buffer
dvz_drp2_stream_destroy_compute_pipeline
dvz_drp2_stream_destroy_render_pipeline
dvz_drp2_stream_destroy_shader_module
dvz_drp2_stream_destroy_texture
dvz_drp2_stream_dispatch_workgroups
dvz_drp2_stream_draw
dvz_drp2_stream_draw_indexed
dvz_drp2_stream_end_compute_pass
dvz_drp2_stream_end_render_pass
dvz_drp2_stream_finish_command_encoder
dvz_drp2_stream_get
dvz_drp2_stream_hello_renderer
dvz_drp2_stream_json
dvz_drp2_stream_json_destroy
dvz_drp2_stream_json_payload_refs
dvz_drp2_stream_label
dvz_drp2_stream_label_id
dvz_drp2_stream_payload_command_index
dvz_drp2_stream_payload_count
dvz_drp2_stream_payload_ptr
dvz_drp2_stream_payload_size
dvz_drp2_stream_pipeline_set_bind_group_layout
dvz_drp2_stream_pipeline_set_bind_group_layout2
dvz_drp2_stream_pipeline_set_bind_group_layouts
dvz_drp2_stream_pipeline_set_builtin_identity
dvz_drp2_stream_pipeline_set_color_blend
dvz_drp2_stream_pipeline_set_color_target
dvz_drp2_stream_pipeline_set_depth_state
dvz_drp2_stream_pipeline_set_multisampling
dvz_drp2_stream_pipeline_set_raster_state
dvz_drp2_stream_queue_submit
dvz_drp2_stream_queue_submit_readback
dvz_drp2_stream_renderer_hello_reply
dvz_drp2_stream_resource_barrier
dvz_drp2_stream_set_bind_group
dvz_drp2_stream_set_bind_group_dynamic
dvz_drp2_stream_set_index_buffer
dvz_drp2_stream_set_label
dvz_drp2_stream_set_pipeline
dvz_drp2_stream_set_scissor
dvz_drp2_stream_set_vertex_buffer
dvz_drp2_stream_set_viewport
dvz_drp2_stream_shader_set_builtin_identity
dvz_drp2_stream_write_buffer
dvz_drp2_stream_write_buffer_bytes
dvz_drp2_stream_write_texture_2d
dvz_drp2_stream_write_texture_2d_bytes
dvz_drp2_stream_write_texture_2d_region
dvz_drp2_stream_write_texture_2d_region_bytes
dvz_drp2_stream_write_texture_3d
dvz_drp2_stream_write_texture_3d_bytes
dvz_drp2_validate_stream
dvz_depth_cue_desc
dvz_dvec3
dvz_dvec3_copy
dvz_dvec4
dvz_dvec4_copy
dvz_easing
dvz_edl_desc
dvz_error_callback
dvz_fence
dvz_fence_create_wrapper
dvz_fence_destroy
dvz_fence_free
dvz_fence_handle
dvz_fence_ready
dvz_fence_reset
dvz_fence_wait
dvz_fifo
dvz_fifo_dequeue
dvz_fifo_destroy
dvz_fifo_discard
dvz_fifo_enqueue
dvz_fifo_enqueue_first
dvz_fifo_get
dvz_fifo_reset
dvz_fifo_size
dvz_figure
dvz_figure_add_compute
dvz_figure_destroy
dvz_figure_emit
dvz_figure_emit_ex
dvz_figure_grid
dvz_figure_process_queries
dvz_figure_remove_compute
dvz_figure_resize
dvz_figure_scene
dvz_figure_size
dvz_file_size
dvz_fly
dvz_fly_apply_camera
dvz_fly_clear_pivot
dvz_fly_connect
dvz_fly_create
dvz_fly_desc
dvz_fly_destroy
dvz_fly_disconnect
dvz_fly_get_position
dvz_fly_get_target
dvz_fly_get_up
dvz_fly_has_pivot
dvz_fly_initial
dvz_fly_initial_lookat
dvz_fly_keyboard
dvz_fly_look_at_pivot
dvz_fly_move_forward
dvz_fly_move_right
dvz_fly_move_up
dvz_fly_orbit
dvz_fly_pivot
dvz_fly_pointer
dvz_fly_reset
dvz_fly_resize
dvz_fly_roll
dvz_fly_rotate
dvz_fly_set_camera
dvz_fly_set_mode
dvz_fly_update
dvz_fly_viewport
dvz_format_desc
dvz_font
dvz_font_defaults
dvz_font_desc
dvz_font_destroy
dvz_frame_plan
dvz_frame_plan_clear
dvz_frame_plan_compute
dvz_frame_plan_compute_read
dvz_frame_plan_compute_write
dvz_frame_plan_copy
dvz_frame_plan_copy_desc
dvz_frame_plan_copy_ex
dvz_frame_plan_destroy
dvz_frame_plan_emit_config
dvz_frame_plan_emit_drp2
dvz_frame_plan_emit_drp2_ex
dvz_frame_plan_emitter
dvz_frame_plan_emitter_destroy
dvz_frame_plan_emitter_emit_drp2
dvz_frame_plan_emitter_object_id
dvz_frame_plan_json
dvz_frame_plan_json_destroy
dvz_frame_plan_node_count
dvz_frame_plan_node_get
dvz_frame_plan_node_type
dvz_frame_plan_readback
dvz_frame_plan_render
dvz_frame_plan_render_pass_role
dvz_frame_plan_render_visual
dvz_frame_plan_upload
dvz_frame_plan_upload_bytes
dvz_frame_plan_upload_set_texture_3d_allocation_extent
dvz_frame_plan_upload_set_texture_3d_extent
dvz_frame_plan_upload_set_texture_3d_region
dvz_frame_plan_upload_set_texture_allocation_extent
dvz_frame_plan_upload_set_texture_extent
dvz_frame_plan_upload_set_texture_format
dvz_frame_plan_upload_set_texture_region
dvz_frame_plan_upload_set_topology
dvz_geom_cube
dvz_geom_plane
dvz_geom_sphere
dvz_geom_surface_grid
dvz_geom_surface_grid_update_heights
dvz_geometry
dvz_geometry_bounds
dvz_geometry_compute_normals
dvz_geometry_contours
dvz_geometry_contours_destroy
dvz_geometry_cube_desc
dvz_geometry_destroy
dvz_geometry_edges
dvz_geometry_edges_destroy
dvz_geometry_merge
dvz_geometry_plane_desc
dvz_geometry_reset
dvz_geometry_sphere_desc
dvz_geometry_surface_grid_desc
dvz_geometry_transform
dvz_glyph
dvz_gpu_ctx
dvz_gpu_ctx_alloc
dvz_gpu_ctx_config
dvz_gpu_ctx_config_add_instance_extension
dvz_gpu_ctx_config_alloc
dvz_gpu_ctx_config_enable_canvas_extensions
dvz_gpu_ctx_config_features10
dvz_gpu_ctx_config_features12
dvz_gpu_ctx_config_features13
dvz_gpu_ctx_config_gpu
dvz_gpu_ctx_config_validation
dvz_gpu_ctx_destroy
dvz_gpu_ctx_device
dvz_gpu_ctx_error_count
dvz_gpu_ctx_gpu_index
dvz_gpu_ctx_gpu_info
dvz_gpu_ctx_instance
dvz_gpu_ctx_queue
dvz_graphics
dvz_graphics_attachment_color
dvz_graphics_attachment_depth
dvz_graphics_attachment_stencil
dvz_graphics_blend
dvz_graphics_blend_alpha
dvz_graphics_blend_color
dvz_graphics_color_attachment_count
dvz_graphics_color_write_mask
dvz_graphics_create
dvz_graphics_create_wrapper
dvz_graphics_cull_mode
dvz_graphics_depth
dvz_graphics_depth_bias
dvz_graphics_depth_bounds
dvz_graphics_destroy
dvz_graphics_free
dvz_graphics_front_face
dvz_graphics_handle
dvz_graphics_layout
dvz_graphics_layout_handle
dvz_graphics_multisampling
dvz_graphics_polygon_mode
dvz_graphics_primitive
dvz_graphics_primitive_restart
dvz_graphics_scissor
dvz_graphics_shader
dvz_graphics_shader_count
dvz_graphics_spec
dvz_graphics_stencil
dvz_graphics_vertex_attr
dvz_graphics_vertex_binding
dvz_graphics_viewport
dvz_grid_col_size
dvz_grid_panel
dvz_grid_panel_span
dvz_grid_resolve
dvz_grid_row_size
dvz_grid_set_gutter
dvz_grid_set_margins
dvz_gui_begin
dvz_gui_button
dvz_gui_checkbox
dvz_gui_collapsing_header
dvz_gui_color_edit4
dvz_gui_color_edit_dvz
dvz_gui_color_picker4
dvz_gui_combo
dvz_gui_config
dvz_gui_demo
dvz_gui_end
dvz_gui_pop_font
dvz_gui_push_mono
dvz_gui_range_float
dvz_gui_same_line
dvz_gui_separator_text
dvz_gui_slider_float
dvz_gui_slider_float2
dvz_gui_slider_float3
dvz_gui_slider_float4
dvz_gui_slider_float_format
dvz_gui_slider_int
dvz_gui_slider_range_double
dvz_gui_slider_range_float
dvz_gui_text
dvz_gui_viewport
dvz_gui_viewport_config
dvz_gui_viewport_destroy
dvz_gui_viewport_from_window
dvz_gui_viewport_input
dvz_gui_viewport_mouse
dvz_gui_viewport_window
dvz_hover
dvz_hover_apply_query
dvz_hover_clear
dvz_hover_desc
dvz_hover_destroy
dvz_hover_set_visual_style
dvz_image
dvz_image_blit
dvz_image_blit_create
dvz_image_blit_free
dvz_image_copy
dvz_image_copy_create
dvz_image_copy_free
dvz_image_handle
dvz_image_region
dvz_image_region_aspect
dvz_image_region_extent
dvz_image_region_layers
dvz_image_region_mip
dvz_image_region_offset
dvz_image_views
dvz_image_views_aspect
dvz_image_views_count
dvz_image_views_create
dvz_image_views_create_wrapper
dvz_image_views_destroy
dvz_image_views_free
dvz_image_views_handle
dvz_image_views_layers
dvz_image_views_mip
dvz_image_views_type
dvz_images
dvz_images_alloc_flags
dvz_images_count
dvz_images_create
dvz_images_create_wrapper
dvz_images_destroy
dvz_images_flags
dvz_images_format
dvz_images_format_value
dvz_images_free
dvz_images_layers
dvz_images_mip
dvz_images_samples
dvz_images_size
dvz_images_tiling
dvz_images_usage
dvz_images_wrap
dvz_input_emit_event
dvz_input_emit_keyboard
dvz_input_emit_pointer
dvz_input_emit_resize
dvz_input_emit_scale
dvz_input_router
dvz_input_router_destroy
dvz_input_router_last_resize
dvz_input_subscribe_event
dvz_input_subscribe_keyboard
dvz_input_subscribe_pointer
dvz_input_subscribe_resize
dvz_input_subscribe_scale
dvz_input_timestamp_ns
dvz_input_unsubscribe_event
dvz_input_unsubscribe_keyboard
dvz_input_unsubscribe_pointer
dvz_input_unsubscribe_resize
dvz_input_unsubscribe_scale
dvz_instance_config
dvz_instance_config_request_extension
dvz_instance_config_request_layer
dvz_instance_create
dvz_instance_destroy
dvz_instance_error_count
dvz_instance_gpu_count
dvz_instance_gpu_handle
dvz_instance_gpu_info
dvz_instance_gpu_queue_caps
dvz_instance_handle
dvz_instance_has_extension
dvz_instance_has_layer
dvz_instance_probe_extensions
dvz_instance_probe_layers
dvz_instance_supported_extensions
dvz_instance_supported_layers
dvz_interaction
dvz_interaction_bind_panel
dvz_interaction_destroy
dvz_interaction_set_auto_pin_readout
dvz_interaction_set_link_channel
dvz_interaction_set_query_hit_policy
dvz_interaction_set_selection
dvz_interop_buffer_export
dvz_interop_buffer_export_config
dvz_interop_buffer_export_from_buffer
dvz_interop_buffer_wait_timeline
dvz_interop_gpu_ctx
dvz_interop_gpu_ctx_ex
dvz_interpolate
dvz_interpolate_2D
dvz_interpolate_3D
dvz_item_interaction
dvz_item_interaction_desc
dvz_item_interaction_destroy
dvz_item_interaction_hover
dvz_item_interaction_selection
dvz_item_state_visual_style
dvz_keyboard_emit
dvz_keyboard_modifier_bit
dvz_keyboard_modifier_state
dvz_keyboard_modifier_state_destroy
dvz_keyboard_modifier_state_mods
dvz_keyboard_modifier_state_update
dvz_labels
dvz_labels_clear_selected
dvz_labels_set_background
dvz_labels_set_boundary
dvz_labels_set_fallback_seed
dvz_labels_set_hidden
dvz_labels_set_opacity
dvz_labels_set_selected
dvz_labels_set_slice_axis
dvz_labels_set_slice_position
dvz_labels_state
dvz_label_desc
dvz_legend
dvz_legend_clear_highlight
dvz_legend_desc
dvz_legend_destroy
dvz_legend_set_highlight
dvz_legend_set_highlights
dvz_legend_set_layout
dvz_legend_set_title
dvz_link_channel
dvz_link_channel_destroy
dvz_list
dvz_list_append
dvz_list_clear
dvz_list_count
dvz_list_destroy
dvz_list_get
dvz_list_has
dvz_list_index
dvz_list_insert
dvz_list_remove
dvz_list_remove_pointer
dvz_load_jpeg
dvz_load_png
dvz_make_png
dvz_map
dvz_map_add
dvz_map_count
dvz_map_destroy
dvz_map_exists
dvz_map_first
dvz_map_get
dvz_map_last
dvz_map_remove
dvz_map_type
dvz_marker
dvz_marker_set_style
dvz_marker_style
dvz_material_desc
dvz_mean
dvz_mesh
dvz_mesh_set_geometry
dvz_min_max
dvz_mock_band
dvz_mock_circle
dvz_mock_color
dvz_mock_fixed
dvz_mock_full
dvz_mock_line
dvz_mock_linspace
dvz_mock_monochrome
dvz_mock_pos_2D
dvz_mock_pos_3D
dvz_mock_range
dvz_mock_uniform
dvz_msaa_desc
dvz_mutex
dvz_mutex_destroy
dvz_mutex_init
dvz_mutex_lock
dvz_mutex_unlock
dvz_normalize_bytes
dvz_obj_created
dvz_obj_destroyed
dvz_obj_init
dvz_obj_is_created
dvz_orbit_camera
dvz_orbit_camera_apply_camera
dvz_orbit_camera_create
dvz_orbit_camera_desc
dvz_orbit_camera_destroy
dvz_orbit_camera_get_distance
dvz_orbit_camera_get_pivot
dvz_orbit_camera_get_view
dvz_orbit_camera_is_interacting
dvz_orbit_camera_pivot
dvz_orbit_camera_pointer
dvz_orbit_camera_resize
dvz_orbit_camera_set_camera
dvz_orbit_camera_viewport
dvz_overlay
dvz_overlay_card
dvz_overlay_card_clear_rich_text
dvz_overlay_card_desc
dvz_overlay_card_destroy
dvz_overlay_card_set_layout
dvz_overlay_card_set_placement
dvz_overlay_card_set_rich_text
dvz_overlay_card_set_style
dvz_overlay_card_set_text
dvz_overlay_card_set_visible
dvz_overlay_card_style
dvz_overlay_destroy
dvz_overlay_rich_text_desc
dvz_panel
dvz_panel_add_composite
dvz_panel_add_visual
dvz_panel_axis
dvz_panel_background_desc
dvz_panel_bind_controller
dvz_panel_bounds
dvz_panel_bounds_visible
dvz_panel_camera
dvz_panel_clear_background
dvz_panel_connect_input
dvz_panel_controller
dvz_panel_data_to_visual_positions
dvz_panel_destroy
dvz_panel_full
dvz_panel_get_layout_reserve
dvz_panel_get_padding
dvz_panel_get_reserve
dvz_panel_inner_rect_px
dvz_panel_layout_reserve
dvz_panel_plot_rect_px
dvz_panel_query
dvz_panel_query_now
dvz_panel_set_background
dvz_panel_set_background_color
dvz_panel_set_bounds_visible
dvz_panel_set_camera
dvz_panel_set_desc
dvz_panel_set_domain
dvz_panel_set_edl
dvz_panel_set_layout_reserve
dvz_panel_set_msaa
dvz_panel_set_padding
dvz_panel_set_reserve
dvz_panel_set_scene_occlusion
dvz_panel_set_ssao
dvz_panel_set_volume_occluder
dvz_panel_visible_domain
dvz_panel_visual_bounds
dvz_panzoom
dvz_panzoom_connect
dvz_panzoom_create
dvz_panzoom_desc
dvz_panzoom_destroy
dvz_panzoom_disconnect
dvz_panzoom_end
dvz_panzoom_extent
dvz_panzoom_mvp
dvz_panzoom_pan
dvz_panzoom_pan_shift
dvz_panzoom_pointer
dvz_panzoom_reset
dvz_panzoom_resize
dvz_panzoom_viewport
dvz_panzoom_zoom
dvz_panzoom_zoom_limits
dvz_panzoom_zoom_shift
dvz_panzoom_zoom_wheel
dvz_parse_npy
dvz_path
dvz_path_set_caps
dvz_path_set_join
dvz_path_set_subpaths
dvz_phong_material_desc
dvz_pinned_readout_destroy
dvz_pinned_readout_query
dvz_pinned_readout_set_format
dvz_pixel
dvz_point
dvz_point_set_style
dvz_point_style_desc
dvz_pointer_button_from_glfw
dvz_pointer_emit_position
dvz_pointer_emit_wheel
dvz_pointer_gesture_handler
dvz_pointer_gesture_handler_destroy
dvz_polygon
dvz_polygon_composite
dvz_polygon_desc
dvz_polygon_destroy
dvz_polygon_fill_color
dvz_polygon_hole
dvz_polygon_outer
dvz_polygon_set
dvz_polygon_set_add
dvz_polygon_set_composite
dvz_polygon_set_destroy
dvz_polygon_set_geometry
dvz_polygon_set_region_fill_color
dvz_polygon_set_region_geometry
dvz_polygon_set_region_stroke_color
dvz_polygon_set_region_stroke_width
dvz_polygon_stroke_color
dvz_polygon_stroke_width
dvz_primitive
dvz_prng
dvz_prng_destroy
dvz_prng_uuid
dvz_query_request
dvz_queue_family
dvz_queue_from_role
dvz_queue_handle
dvz_queue_index
dvz_queue_supports
dvz_queue_wait
dvz_queues
dvz_queues_show
dvz_rand_byte
dvz_rand_double
dvz_rand_float
dvz_rand_int
dvz_rand_normal
dvz_range
dvz_read_file
dvz_read_gz
dvz_read_jpeg
dvz_read_npy
dvz_read_ppm
dvz_rendering
dvz_rendering_area
dvz_rendering_color
dvz_rendering_color_count
dvz_rendering_create_wrapper
dvz_rendering_depth
dvz_rendering_free
dvz_rendering_has_depth
dvz_rendering_has_stencil
dvz_rendering_layer_count
dvz_rendering_layers
dvz_rendering_stencil
dvz_resample
dvz_resource_font
dvz_resource_glsl
dvz_resource_shader
dvz_resource_testdata
dvz_resource_texture
dvz_resource_wgsl
dvz_field_data_view
dvz_field_geometry
dvz_sampled_field
dvz_sampled_field_desc
dvz_sampled_field_destroy
dvz_sampled_field_get_desc
dvz_sampled_field_resize
dvz_sampled_field_set_data
dvz_sampled_field_set_geometry
dvz_sampled_field_update_region
dvz_sampler
dvz_sampler_address_mode
dvz_sampler_anisotropy
dvz_sampler_create
dvz_sampler_create_wrapper
dvz_sampler_destroy
dvz_sampler_free
dvz_sampler_handle
dvz_sampler_mag_filter
dvz_sampler_min_filter
dvz_scale
dvz_scale_desc
dvz_scale_destroy
dvz_scale_remove_categories
dvz_scale_set_categories
dvz_scale_set_colormap
dvz_scale_set_domain
dvz_scale_set_format
dvz_scale_set_view_range
dvz_scale_update_categories
dvz_scalebar_desc
dvz_scene
dvz_scene_buffer
dvz_scene_buffer_desc
dvz_scene_buffer_destroy
dvz_scene_buffer_get_desc
dvz_scene_buffer_resource_key
dvz_scene_buffer_set_data
dvz_scene_clock_dt
dvz_scene_clock_time
dvz_scene_compute
dvz_scene_compute_desc
dvz_scene_compute_destroy
dvz_scene_compute_set_buffer
dvz_scene_compute_set_dispatch
dvz_scene_destroy
dvz_scene_font_defaults
dvz_scene_has_active_animations
dvz_scene_hover
dvz_scene_json
dvz_scene_json_destroy
dvz_scene_occlusion_desc
dvz_scene_poll_query
dvz_scene_set_capabilities
dvz_scene_set_clock_mode
dvz_scene_set_font_defaults
dvz_scene_set_fps
dvz_segment
dvz_segment_set_caps
dvz_selection
dvz_selection_apply_query
dvz_selection_clear
dvz_selection_copy
dvz_selection_count
dvz_selection_desc
dvz_selection_destroy
dvz_selection_set_visual_style
dvz_selection_visual_style
dvz_semaphore
dvz_semaphore_create_wrapper
dvz_semaphore_destroy
dvz_semaphore_export_fd
dvz_semaphore_free
dvz_semaphore_handle
dvz_semaphore_query
dvz_semaphore_signal
dvz_semaphore_timeline
dvz_semaphore_wait
dvz_shader
dvz_shader_create_wrapper
dvz_shader_destroy
dvz_shader_free
dvz_shader_handle
dvz_slots
dvz_slots_binding
dvz_slots_binding_count
dvz_slots_combined_pipeline_layout
dvz_slots_create
dvz_slots_create_wrapper
dvz_slots_descriptor_type
dvz_slots_destroy
dvz_slots_device
dvz_slots_free
dvz_slots_handle
dvz_slots_push
dvz_slots_push_count
dvz_slots_set_count
dvz_slots_set_layout
dvz_sphere
dvz_sphere_mode
dvz_splat
dvz_ssao_desc
dvz_standard_material_desc
dvz_stream_attach_sink
dvz_stream_attach_sink_name
dvz_stream_config
dvz_stream_create
dvz_stream_destroy
dvz_stream_device
dvz_stream_get_config
dvz_stream_sink_registry_create
dvz_stream_sink_registry_destroy
dvz_stream_sink_registry_find
dvz_stream_sink_registry_pick
dvz_stream_sink_registry_register
dvz_stream_sink_video
dvz_stream_start
dvz_stream_stop
dvz_stream_submit
dvz_stream_update
dvz_submit
dvz_submit_command
dvz_submit_command_count
dvz_submit_create_wrapper
dvz_submit_free
dvz_submit_is_empty
dvz_submit_send
dvz_submit_signal
dvz_submit_signal_count
dvz_submit_wait
dvz_submit_wait_count
dvz_surface_capabilities
dvz_surface_create_wrapper
dvz_surface_destroy
dvz_surface_extent
dvz_surface_format
dvz_surface_format_count
dvz_surface_free
dvz_surface_handle
dvz_surface_has_present_mode
dvz_surface_init_from_device
dvz_surface_init_from_instance
dvz_surface_preferred_format
dvz_surface_preferred_present_mode
dvz_surface_present_mode
dvz_surface_present_mode_count
dvz_surface_ready
dvz_surface_refresh
dvz_surface_set_extent_hint
dvz_surface_wrap_native
dvz_swapchain_acquire
dvz_swapchain_color_space
dvz_swapchain_config
dvz_swapchain_create_wrapper
dvz_swapchain_destroy
dvz_swapchain_device
dvz_swapchain_extent
dvz_swapchain_free
dvz_swapchain_get_config
dvz_swapchain_handle
dvz_swapchain_image
dvz_swapchain_image_count
dvz_swapchain_image_format
dvz_swapchain_image_view
dvz_swapchain_init_from_device
dvz_swapchain_present
dvz_swapchain_present_mode
dvz_swapchain_ready
dvz_swapchain_recreate
dvz_text
dvz_text_destroy
dvz_text_placement
dvz_text_set_placement
dvz_text_set_renderer
dvz_text_set_string
dvz_text_set_style
dvz_text_style
dvz_thread
dvz_thread_join
dvz_thread_lock
dvz_thread_unlock
dvz_time_monotonic_ns
dvz_triangulate_polygon
dvz_triangulation_desc
dvz_turntable
dvz_turntable_apply_camera
dvz_turntable_connect
dvz_turntable_create
dvz_turntable_desc
dvz_turntable_destroy
dvz_turntable_disconnect
dvz_turntable_dolly
dvz_turntable_orbit
dvz_turntable_pan
dvz_turntable_pivot
dvz_turntable_pointer
dvz_turntable_reset
dvz_turntable_resize
dvz_turntable_set_camera
dvz_turntable_viewport
dvz_vec2_copy
dvz_vec3_cast
dvz_vec3_copy
dvz_vector
dvz_vector_set_style
dvz_vector_set_subpaths
dvz_vector_style
dvz_version
dvz_video_encoder_config
dvz_video_sink_config
dvz_view_arcball
dvz_view_bind_controller
dvz_view_canvas
dvz_view_capture_from_env
dvz_view_capture_png
dvz_view_capture_start
dvz_view_capture_stop
dvz_view_connect_panel
dvz_view_device_scale
dvz_view_emit_key
dvz_view_emit_pointer
dvz_view_emit_resize
dvz_view_emit_wheel
dvz_view_external_surface
dvz_view_external_surface_ffi
dvz_view_fly
dvz_view_glfw
dvz_view_gui
dvz_view_input
dvz_view_offscreen
dvz_view_orbit_camera
dvz_view_panzoom
dvz_view_post
dvz_view_record_start
dvz_view_record_stop
dvz_view_release_external_surface
dvz_view_render_enabled
dvz_view_render_once
dvz_view_replay_frame_count
dvz_view_replay_set_loop
dvz_view_replay_set_paced
dvz_view_replay_set_speed
dvz_view_replay_start
dvz_view_replay_stop
dvz_view_request_frame
dvz_view_resize
dvz_view_set_frame_callback
dvz_view_set_gui_callback
dvz_view_set_render_enabled
dvz_view_set_request_frame_callback
dvz_view_set_user_scale
dvz_view_turntable
dvz_view_update_external_surface
dvz_view_update_external_surface_ffi
dvz_view_user_scale
dvz_view_wake
dvz_visual_alpha_mode
dvz_visual_attach_desc
dvz_visual_attr_mutability
dvz_visual_attr_source
dvz_visual_bounds
dvz_visual_clear_transform
dvz_visual_data
dvz_visual_depth_test
dvz_visual_destroy
dvz_visual_get_transform
dvz_visual_has_transform
dvz_visual_set_alpha_mode
dvz_visual_set_attr_buffer
dvz_visual_set_attr_mutability
dvz_visual_set_attr_source
dvz_visual_set_buffer
dvz_visual_set_data
dvz_visual_set_data_many
dvz_visual_set_data_range
dvz_visual_set_depth_cue
dvz_visual_set_depth_test
dvz_visual_set_field
dvz_visual_set_index_data
dvz_visual_set_link_keys
dvz_visual_set_material
dvz_visual_set_query_capabilities
dvz_visual_set_scale
dvz_visual_set_scene_occluded
dvz_visual_set_scene_occluder
dvz_visual_set_shader_desc
dvz_visual_set_strings
dvz_visual_set_texture
dvz_visual_set_texture_f32
dvz_visual_set_transform
dvz_visual_set_transform_desc
dvz_visual_set_visible
dvz_visual_set_volume_occluded
dvz_visual_shader_desc
dvz_visual_transform_desc
dvz_volume
dvz_volume_clear_clipping
dvz_volume_clear_clipping_plane
dvz_volume_occlusion_desc
dvz_volume_set_alpha_stops
dvz_volume_set_axis_mapping
dvz_volume_set_bounds
dvz_volume_set_clipping_box
dvz_volume_set_clipping_plane
dvz_volume_set_opacity
dvz_volume_set_render_mode
dvz_volume_set_sampling
dvz_volume_set_slice_axis
dvz_volume_set_slice_position
dvz_volume_set_step_count
dvz_volume_set_value_range
dvz_volume_state
dvz_window_backend_emit_resize
dvz_window_backend_emit_scale
dvz_window_backend_handle
dvz_window_backend_payload
dvz_window_backend_router
dvz_window_backend_set_handle
dvz_window_backend_set_payload
dvz_window_backend_surface
dvz_window_backend_type
dvz_window_config
dvz_window_create
dvz_window_destroy
dvz_window_external_surface_info
dvz_window_frame_pending
dvz_window_glfw_init
dvz_window_glfw_set_input_callbacks
dvz_window_host
dvz_window_host_destroy
dvz_window_host_poll
dvz_window_host_register_backend
dvz_window_host_request_frame
dvz_window_host_required_extension_count
dvz_window_host_required_extensions
dvz_window_host_wait
dvz_window_host_wait_timeout
dvz_window_register_glfw_backend
dvz_window_register_headless_backend
dvz_window_register_qt_backend
dvz_window_register_wrap_backend
dvz_window_router
dvz_window_set_user_data
dvz_window_should_close
dvz_window_surface
dvz_window_user_data
dvz_window_wrap_attach_surface
dvz_window_wrap_detach_surface
dvz_window_wrap_set_required_extensions
dvz_window_wrap_update_surface
dvz_write_bytes
dvz_write_png
dvz_write_ppm
